warning: function `coherent_belief` is never used
   --> runners/arena-recorder/src/main.rs:894:4
    |
894 | fn coherent_belief(region: &ShmRegion, layer: usize) -> Option<BeliefSlot> {
    |    ^^^^^^^^^^^^^^^
    |
    = note: `#[warn(dead_code)]` (part of `#[warn(unused)]`) on by default

warning: `qualia-arena-recorder` (bin "qualia-arena-recorder") generated 1 warning
    Finished `test` profile [unoptimized + debuginfo] target(s) in 1.70s
     Running unittests src/main.rs (target/debug/deps/qualia_arena_recorder-6481b189f9c7058a)

running 1 test
test tests::a_coherent_read_of_the_recorded_belief_is_never_torn ... FAILED

failures:

---- tests::a_coherent_read_of_the_recorded_belief_is_never_torn stdout ----

thread 'tests::a_coherent_read_of_the_recorded_belief_is_never_torn' (588454) panicked at runners/arena-recorder/src/main.rs:1437:13:
assertion `left == right` failed: a coherent read saw two publishes mixed together
  left: 1917
 right: 0
note: run with `RUST_BACKTRACE=1` environment variable to display a backtrace


failures:
    tests::a_coherent_read_of_the_recorded_belief_is_never_torn

test result: FAILED. 0 passed; 1 failed; 0 ignored; 0 measured; 9 filtered out; finished in 0.08s

error: test failed, to rerun pass `-p qualia-arena-recorder --bin qualia-arena-recorder`
