   Compiling qualia-camera v0.1.0 (/home/jetson/remediate/515a506/runners/camera)
warning: unused import: `std::thread`
 --> runners/camera/tests/preview.rs:5:5
  |
5 | use std::thread;
  |     ^^^^^^^^^^^
  |
  = note: `#[warn(unused_imports)]` (part of `#[warn(unused)]`) on by default

warning: `qualia-camera` (test "preview") generated 1 warning (run `cargo fix --test "preview" -p qualia-camera` to apply 1 suggestion)
    Finished `test` profile [unoptimized + debuginfo] target(s) in 11.05s
     Running unittests src/lib.rs (target/debug/deps/qualia_camera-723329790e7e15d3)

running 0 tests

test result: ok. 0 passed; 0 failed; 0 ignored; 0 measured; 0 filtered out; finished in 0.00s

     Running unittests src/main.rs (target/debug/deps/qualia_camera-d655cb0aeafc976a)

running 0 tests

test result: ok. 0 passed; 0 failed; 0 ignored; 0 measured; 0 filtered out; finished in 0.00s

     Running tests/config.rs (target/debug/deps/config-7ac3b429e2ffd2e0)

running 6 tests
test an_empty_environment_yields_the_documented_defaults ... ok
test blank_urls_are_treated_as_unset ... ok
test the_poll_interval_has_a_floor_and_malformed_numbers_fall_back ... ok
test the_environment_keys_are_the_camera_contract ... ok
test a_snapshot_url_raises_the_default_poll_interval ... ok
test every_camera_key_is_read_from_the_environment ... ok

test result: ok. 6 passed; 0 failed; 0 ignored; 0 measured; 0 filtered out; finished in 0.00s

     Running tests/degraded.rs (target/debug/deps/degraded-502a9963908a5012)

running 10 tests
test a_missing_snapshot_file_captures_nothing ... ok
test an_empty_http_snapshot_is_unavailable ... ok
test a_snapshot_file_over_the_size_cap_is_never_published ... ok
test a_new_file_publishes_once_and_an_unchanged_file_is_left_alone ... ok
test ingest_error_display_carries_the_reference_prefixes ... ok
test a_corrupt_snapshot_leaves_the_last_good_frame_readable ... ok
test an_http_error_page_is_unavailable ... ok
test an_http_snapshot_publishes_the_body ... ok
test an_http_snapshot_over_the_size_cap_is_unavailable ... ok
test a_preview_over_the_slot_is_dropped_while_the_thumbnail_survives ... ok

test result: ok. 10 passed; 0 failed; 0 ignored; 0 measured; 0 filtered out; finished in 2.34s

     Running tests/frame.rs (target/debug/deps/frame-a2ac25f9544c57f2)

running 7 tests
test exposure_classification_prefers_the_extreme_over_the_flatness ... ok
test exposure_labels_are_the_operator_vocabulary ... ok
test bytes_that_do_not_decode_publish_nothing ... ok
test initialising_a_slot_clears_whatever_it_held ... ok
test luma_statistics_track_the_thumbnail_pixels ... ok
test a_snapshot_is_decoded_into_the_shared_thumbnail ... ok
test a_jpeg_snapshot_decodes_to_the_same_geometry ... ok

test result: ok. 7 passed; 0 failed; 0 ignored; 0 measured; 0 filtered out; finished in 0.17s

     Running tests/mjpeg.rs (target/debug/deps/mjpeg-0d18ac0f43602663)

running 5 tests
test a_stream_that_stops_mid_frame_ends_with_an_error ... ok
test bytes_before_the_first_frame_are_discarded ... ok
test consecutive_frames_are_cut_out_of_a_multipart_body ... ok
test frames_split_across_reads_are_reassembled ... ok
test a_frame_beyond_the_snapshot_cap_is_an_error ... ok

test result: ok. 5 passed; 0 failed; 0 ignored; 0 measured; 0 filtered out; finished in 26.31s

     Running tests/preview.rs (target/debug/deps/preview-377cf3c2783b2ac9)

running 4 tests
test an_unknown_or_empty_encoding_clears_the_slot ... ok
test a_published_preview_records_its_encoding_and_geometry ... ok
test the_sequence_never_parks_on_an_odd_value ... ok
test readers_never_observe_a_torn_preview ... ok

test result: ok. 4 passed; 0 failed; 0 ignored; 0 measured; 0 filtered out; finished in 0.83s

   Doc-tests qualia_camera

running 0 tests

test result: ok. 0 passed; 0 failed; 0 ignored; 0 measured; 0 filtered out; finished in 0.00s

